
> beeah-finance-platform@0.1.0 dev
> next dev

▲ Next.js 16.2.7 (Turbopack)
- Local:         http://localhost:3000
- Network:       http://172.20.10.2:3000
- Environments: .env.local
✓ Ready in 417ms

[browser] ./src/lib/reporting/services/reporting-source.ts:2:1
Export env doesn't exist in target module
  1 | // src/lib/reporting/services/reporting-source.ts
> 2 | import { env } from "@/lib/env";
    | ^^^^^^^^^^^^^^^^^^^^^^^^^^^^^^^^
  3 | import { ConsolidatedReport } from "@/types/reporting";
  4 | import { mockBeeahCorporateReport } from "../mock/beeah-sample";
  5 |

The export env was not found in module [project]/src/lib/env.ts [app-rsc] (ecmascript).
The module has no exports at all.
All exports of the module are statically known (It doesn't have dynamic exports). So it's known statically that the requested export doesn't exist.

Import trace:
  Server Component:
    ./src/lib/reporting/services/reporting-source.ts
    ./src/app/(dashboard)/executive-summary/page.tsx 
[browser] ./src/lib/reporting/services/reporting-source.ts:4:1
Export mockBeeahCorporateReport doesn't exist in target module
  2 | import { env } from "@/lib/env";
  3 | import { ConsolidatedReport } from "@/types/reporting";
> 4 | import { mockBeeahCorporateReport } from "../mock/beeah-sample";
    | ^^^^^^^^^^^^^^^^^^^^^^^^^^^^^^^^^^^^^^^^^^^^^^^^^^^^^^^^^^^^^^^^
  5 |
  6 | export async function getReportingDataset(): Promise<ConsolidatedReport> {
  7 |   // If Supabase keys are not set up yet, fallback to your type-safe mocked data

The export mockBeeahCorporateReport was not found in module [project]/src/lib/reporting/mock/beeah-sample.ts [app-rsc] (ecmascript).
Did you mean to import beeahSampleDataset?
All exports of the module are statically known (It doesn't have dynamic exports). So it's known statically that the requested export doesn't exist.

Import trace:
  Server Component:
    ./src/lib/reporting/services/reporting-source.ts
    ./src/app/(dashboard)/executive-summary/page.tsx 
[browser] ./src/lib/reporting/metrics/executive-summary.ts:2:1
Export normalizePnlDisplayValue doesn't exist in target module
  1 | // src/lib/reporting/metrics/executive-summary.ts
> 2 | import { normalizePnlDisplayValue } from "@/lib/reporting/normalizers";
    | ^^^^^^^^^^^^^^^^^^^^^^^^^^^^^^^^^^^^^^^^^^^^^^^^^^^^^^^^^^^^^^^^^^^^^^^
  3 | import type { ParsedReportDataset, ReportingRow, SummaryControl } from "@/types/reporting";
  4 |
  5 | export type ExecutiveBridgeItem = {

The export normalizePnlDisplayValue was not found in module [project]/src/lib/reporting/normalizers.ts [app-rsc] (ecmascript).
The module has no exports at all.
All exports of the module are statically known (It doesn't have dynamic exports). So it's known statically that the requested export doesn't exist.

Import trace:
  Server Component:
    ./src/lib/reporting/metrics/executive-summary.ts
    ./src/app/(dashboard)/executive-summary/page.tsx 
[browser] ./src/lib/reporting/services/reporting-source.ts:2:1
Export env doesn't exist in target module
  1 | // src/lib/reporting/services/reporting-source.ts
> 2 | import { env } from "@/lib/env";
    | ^^^^^^^^^^^^^^^^^^^^^^^^^^^^^^^^
  3 | import { ConsolidatedReport } from "@/types/reporting";
  4 | import { mockBeeahCorporateReport } from "../mock/beeah-sample";
  5 |

The export env was not found in module [project]/src/lib/env.ts [app-rsc] (ecmascript).
The module has no exports at all.
All exports of the module are statically known (It doesn't have dynamic exports). So it's known statically that the requested export doesn't exist.

Import trace:
  Server Component:
    ./src/lib/reporting/services/reporting-source.ts
    ./src/app/(dashboard)/executive-summary/page.tsx 
[browser] ./src/lib/reporting/services/reporting-source.ts:4:1
Export mockBeeahCorporateReport doesn't exist in target module
  2 | import { env } from "@/lib/env";
  3 | import { ConsolidatedReport } from "@/types/reporting";
> 4 | import { mockBeeahCorporateReport } from "../mock/beeah-sample";
    | ^^^^^^^^^^^^^^^^^^^^^^^^^^^^^^^^^^^^^^^^^^^^^^^^^^^^^^^^^^^^^^^^
  5 |
  6 | export async function getReportingDataset(): Promise<ConsolidatedReport> {
  7 |   // If Supabase keys are not set up yet, fallback to your type-safe mocked data

The export mockBeeahCorporateReport was not found in module [project]/src/lib/reporting/mock/beeah-sample.ts [app-rsc] (ecmascript).
Did you mean to import beeahSampleDataset?
All exports of the module are statically known (It doesn't have dynamic exports). So it's known statically that the requested export doesn't exist.

Import trace:
  Server Component:
    ./src/lib/reporting/services/reporting-source.ts
    ./src/app/(dashboard)/executive-summary/page.tsx 
[browser] ./src/lib/reporting/metrics/executive-summary.ts:2:1
Export normalizePnlDisplayValue doesn't exist in target module
  1 | // src/lib/reporting/metrics/executive-summary.ts
> 2 | import { normalizePnlDisplayValue } from "@/lib/reporting/normalizers";
    | ^^^^^^^^^^^^^^^^^^^^^^^^^^^^^^^^^^^^^^^^^^^^^^^^^^^^^^^^^^^^^^^^^^^^^^^
  3 | import type { ParsedReportDataset, ReportingRow, SummaryControl } from "@/types/reporting";
  4 |
  5 | export type ExecutiveBridgeItem = {

The export normalizePnlDisplayValue was not found in module [project]/src/lib/reporting/normalizers.ts [app-rsc] (ecmascript).
The module has no exports at all.
All exports of the module are statically known (It doesn't have dynamic exports). So it's known statically that the requested export doesn't exist.

Import trace:
  Server Component:
    ./src/lib/reporting/metrics/executive-summary.ts
    ./src/app/(dashboard)/executive-summary/page.tsx 
[browser] A tree hydrated but some attributes of the server rendered HTML didn't match the client properties. This won't be patched up. This can happen if a SSR-ed Client Component used:

- A server/client branch `if (typeof window !== 'undefined')`.
- Variable input such as `Date.now()` or `Math.random()` which changes each time it's called.
- Date formatting in a user's locale which doesn't match the server.
- External changing data without sending a snapshot of it along with the HTML.
- Invalid HTML tag nesting.

It can also happen if the client has a browser extension installed which messes with the HTML before React loaded.

https://react.dev/link/hydration-mismatch

  ...
    <HotReload globalError={[...]} webSocket={WebSocket} staticIndicatorState={{pathname:null, ...}}>
      <AppDevOverlayErrorBoundary globalError={[...]}>
        <ReplaySsrOnlyErrors>
        <DevRootHTTPAccessFallbackBoundary>
          <HTTPAccessFallbackBoundary notFound={<NotAllowedRootHTTPFallbackError>}>
            <HTTPAccessFallbackErrorBoundary pathname="/consolida..." notFound={<NotAllowedRootHTTPFallbackError>} ...>
              <RedirectBoundary>
                <RedirectErrorBoundary router={{...}}>
                  <Head>
                  <__next_root_layout_boundary__>
                    <SegmentViewNode type="layout" pagePath="layout.tsx">
                      <SegmentTrieNode>
                      <link>
                      <script>
                      <script>
                      <RootLayout>
                        <html lang="en" className="geist_a715...">
                          <body
                            className="min-h-full flex flex-col"
-                           style={{overflow-x:"hidden",overflow-y:"hidden"}}
                          >
                  ...
 
[browser] ./src/lib/reporting/services/reporting-source.ts:2:1
Export env doesn't exist in target module
  1 | // src/lib/reporting/services/reporting-source.ts
> 2 | import { env } from "@/lib/env";
    | ^^^^^^^^^^^^^^^^^^^^^^^^^^^^^^^^
  3 | import { ConsolidatedReport } from "@/types/reporting";
  4 | import { mockBeeahCorporateReport } from "../mock/beeah-sample";
  5 |

The export env was not found in module [project]/src/lib/env.ts [app-rsc] (ecmascript).
The module has no exports at all.
All exports of the module are statically known (It doesn't have dynamic exports). So it's known statically that the requested export doesn't exist.

Import trace:
  Server Component:
    ./src/lib/reporting/services/reporting-source.ts
    ./src/app/(dashboard)/executive-summary/page.tsx 
[browser] ./src/lib/reporting/services/reporting-source.ts:4:1
Export mockBeeahCorporateReport doesn't exist in target module
  2 | import { env } from "@/lib/env";
  3 | import { ConsolidatedReport } from "@/types/reporting";
> 4 | import { mockBeeahCorporateReport } from "../mock/beeah-sample";
    | ^^^^^^^^^^^^^^^^^^^^^^^^^^^^^^^^^^^^^^^^^^^^^^^^^^^^^^^^^^^^^^^^
  5 |
  6 | export async function getReportingDataset(): Promise<ConsolidatedReport> {
  7 |   // If Supabase keys are not set up yet, fallback to your type-safe mocked data

The export mockBeeahCorporateReport was not found in module [project]/src/lib/reporting/mock/beeah-sample.ts [app-rsc] (ecmascript).
Did you mean to import beeahSampleDataset?
All exports of the module are statically known (It doesn't have dynamic exports). So it's known statically that the requested export doesn't exist.

Import trace:
  Server Component:
    ./src/lib/reporting/services/reporting-source.ts
    ./src/app/(dashboard)/executive-summary/page.tsx 
[browser] ./src/lib/reporting/metrics/executive-summary.ts:2:1
Export normalizePnlDisplayValue doesn't exist in target module
  1 | // src/lib/reporting/metrics/executive-summary.ts
> 2 | import { normalizePnlDisplayValue } from "@/lib/reporting/normalizers";
    | ^^^^^^^^^^^^^^^^^^^^^^^^^^^^^^^^^^^^^^^^^^^^^^^^^^^^^^^^^^^^^^^^^^^^^^^
  3 | import type { ParsedReportDataset, ReportingRow, SummaryControl } from "@/types/reporting";
  4 |
  5 | export type ExecutiveBridgeItem = {

The export normalizePnlDisplayValue was not found in module [project]/src/lib/reporting/normalizers.ts [app-rsc] (ecmascript).
The module has no exports at all.
All exports of the module are statically known (It doesn't have dynamic exports). So it's known statically that the requested export doesn't exist.

Import trace:
  Server Component:
    ./src/lib/reporting/metrics/executive-summary.ts
    ./src/app/(dashboard)/executive-summary/page.tsx 
[browser] A tree hydrated but some attributes of the server rendered HTML didn't match the client properties. This won't be patched up. This can happen if a SSR-ed Client Component used:

- A server/client branch `if (typeof window !== 'undefined')`.
- Variable input such as `Date.now()` or `Math.random()` which changes each time it's called.
- Date formatting in a user's locale which doesn't match the server.
- External changing data without sending a snapshot of it along with the HTML.
- Invalid HTML tag nesting.

It can also happen if the client has a browser extension installed which messes with the HTML before React loaded.

https://react.dev/link/hydration-mismatch

  ...
    <HotReload globalError={[...]} webSocket={WebSocket} staticIndicatorState={{pathname:null, ...}}>
      <AppDevOverlayErrorBoundary globalError={[...]}>
        <ReplaySsrOnlyErrors>
        <DevRootHTTPAccessFallbackBoundary>
          <HTTPAccessFallbackBoundary notFound={<NotAllowedRootHTTPFallbackError>}>
            <HTTPAccessFallbackErrorBoundary pathname="/" notFound={<NotAllowedRootHTTPFallbackError>} ...>
              <RedirectBoundary>
                <RedirectErrorBoundary router={{...}}>
                  <Head>
                  <__next_root_layout_boundary__>
                    <SegmentViewNode type="layout" pagePath="layout.tsx">
                      <SegmentTrieNode>
                      <link>
                      <script>
                      <script>
                      <RootLayout>
                        <html lang="en" className="geist_a715...">
                          <body
                            className="min-h-full flex flex-col"
-                           style={{overflow-x:"hidden",overflow-y:"hidden"}}
                          >
                  ...
 
[browser] ./src/lib/reporting/services/reporting-source.ts:2:1
Export env doesn't exist in target module
  1 | // src/lib/reporting/services/reporting-source.ts
> 2 | import { env } from "@/lib/env";
    | ^^^^^^^^^^^^^^^^^^^^^^^^^^^^^^^^
  3 | import { ConsolidatedReport } from "@/types/reporting";
  4 | import { mockBeeahCorporateReport } from "../mock/beeah-sample";
  5 |

The export env was not found in module [project]/src/lib/env.ts [app-rsc] (ecmascript).
The module has no exports at all.
All exports of the module are statically known (It doesn't have dynamic exports). So it's known statically that the requested export doesn't exist.

Import trace:
  Server Component:
    ./src/lib/reporting/services/reporting-source.ts
    ./src/app/(dashboard)/executive-summary/page.tsx 
[browser] ./src/lib/reporting/services/reporting-source.ts:4:1
Export mockBeeahCorporateReport doesn't exist in target module
  2 | import { env } from "@/lib/env";
  3 | import { ConsolidatedReport } from "@/types/reporting";
> 4 | import { mockBeeahCorporateReport } from "../mock/beeah-sample";
    | ^^^^^^^^^^^^^^^^^^^^^^^^^^^^^^^^^^^^^^^^^^^^^^^^^^^^^^^^^^^^^^^^
  5 |
  6 | export async function getReportingDataset(): Promise<ConsolidatedReport> {
  7 |   // If Supabase keys are not set up yet, fallback to your type-safe mocked data

The export mockBeeahCorporateReport was not found in module [project]/src/lib/reporting/mock/beeah-sample.ts [app-rsc] (ecmascript).
Did you mean to import beeahSampleDataset?
All exports of the module are statically known (It doesn't have dynamic exports). So it's known statically that the requested export doesn't exist.

Import trace:
  Server Component:
    ./src/lib/reporting/services/reporting-source.ts
    ./src/app/(dashboard)/executive-summary/page.tsx 
[browser] ./src/lib/reporting/metrics/executive-summary.ts:2:1
Export normalizePnlDisplayValue doesn't exist in target module
  1 | // src/lib/reporting/metrics/executive-summary.ts
> 2 | import { normalizePnlDisplayValue } from "@/lib/reporting/normalizers";
    | ^^^^^^^^^^^^^^^^^^^^^^^^^^^^^^^^^^^^^^^^^^^^^^^^^^^^^^^^^^^^^^^^^^^^^^^
  3 | import type { ParsedReportDataset, ReportingRow, SummaryControl } from "@/types/reporting";
  4 |
  5 | export type ExecutiveBridgeItem = {

The export normalizePnlDisplayValue was not found in module [project]/src/lib/reporting/normalizers.ts [app-rsc] (ecmascript).
The module has no exports at all.
All exports of the module are statically known (It doesn't have dynamic exports). So it's known statically that the requested export doesn't exist.

Import trace:
  Server Component:
    ./src/lib/reporting/metrics/executive-summary.ts
    ./src/app/(dashboard)/executive-summary/page.tsx 
[browser] ./src/lib/reporting/services/reporting-source.ts:2:1
Export env doesn't exist in target module
  1 | // src/lib/reporting/services/reporting-source.ts
> 2 | import { env } from "@/lib/env";
    | ^^^^^^^^^^^^^^^^^^^^^^^^^^^^^^^^
  3 | import { ConsolidatedReport } from "@/types/reporting";
  4 | import { mockBeeahCorporateReport } from "../mock/beeah-sample";
  5 |

The export env was not found in module [project]/src/lib/env.ts [app-rsc] (ecmascript).
The module has no exports at all.
All exports of the module are statically known (It doesn't have dynamic exports). So it's known statically that the requested export doesn't exist.

Import trace:
  Server Component:
    ./src/lib/reporting/services/reporting-source.ts
    ./src/app/(dashboard)/executive-summary/page.tsx 
[browser] ./src/lib/reporting/services/reporting-source.ts:4:1
Export mockBeeahCorporateReport doesn't exist in target module
  2 | import { env } from "@/lib/env";
  3 | import { ConsolidatedReport } from "@/types/reporting";
> 4 | import { mockBeeahCorporateReport } from "../mock/beeah-sample";
    | ^^^^^^^^^^^^^^^^^^^^^^^^^^^^^^^^^^^^^^^^^^^^^^^^^^^^^^^^^^^^^^^^
  5 |
  6 | export async function getReportingDataset(): Promise<ConsolidatedReport> {
  7 |   // If Supabase keys are not set up yet, fallback to your type-safe mocked data

The export mockBeeahCorporateReport was not found in module [project]/src/lib/reporting/mock/beeah-sample.ts [app-rsc] (ecmascript).
Did you mean to import beeahSampleDataset?
All exports of the module are statically known (It doesn't have dynamic exports). So it's known statically that the requested export doesn't exist.

Import trace:
  Server Component:
    ./src/lib/reporting/services/reporting-source.ts
    ./src/app/(dashboard)/executive-summary/page.tsx 
[browser] ./src/lib/reporting/metrics/executive-summary.ts:2:1
Export normalizePnlDisplayValue doesn't exist in target module
  1 | // src/lib/reporting/metrics/executive-summary.ts
> 2 | import { normalizePnlDisplayValue } from "@/lib/reporting/normalizers";
    | ^^^^^^^^^^^^^^^^^^^^^^^^^^^^^^^^^^^^^^^^^^^^^^^^^^^^^^^^^^^^^^^^^^^^^^^
  3 | import type { ParsedReportDataset, ReportingRow, SummaryControl } from "@/types/reporting";
  4 |
  5 | export type ExecutiveBridgeItem = {

The export normalizePnlDisplayValue was not found in module [project]/src/lib/reporting/normalizers.ts [app-rsc] (ecmascript).
The module has no exports at all.
All exports of the module are statically known (It doesn't have dynamic exports). So it's known statically that the requested export doesn't exist.

Import trace:
  Server Component:
    ./src/lib/reporting/metrics/executive-summary.ts
    ./src/app/(dashboard)/executive-summary/page.tsx 
[browser] ./src/lib/reporting/services/reporting-source.ts:2:1
Export env doesn't exist in target module
  1 | // src/lib/reporting/services/reporting-source.ts
> 2 | import { env } from "@/lib/env";
    | ^^^^^^^^^^^^^^^^^^^^^^^^^^^^^^^^
  3 | import { ConsolidatedReport } from "@/types/reporting";
  4 | import { mockBeeahCorporateReport } from "../mock/beeah-sample";
  5 |

The export env was not found in module [project]/src/lib/env.ts [app-rsc] (ecmascript).
The module has no exports at all.
All exports of the module are statically known (It doesn't have dynamic exports). So it's known statically that the requested export doesn't exist.

Import trace:
  Server Component:
    ./src/lib/reporting/services/reporting-source.ts
    ./src/app/(dashboard)/executive-summary/page.tsx 
[browser] ./src/lib/reporting/services/reporting-source.ts:4:1
Export mockBeeahCorporateReport doesn't exist in target module
  2 | import { env } from "@/lib/env";
  3 | import { ConsolidatedReport } from "@/types/reporting";
> 4 | import { mockBeeahCorporateReport } from "../mock/beeah-sample";
    | ^^^^^^^^^^^^^^^^^^^^^^^^^^^^^^^^^^^^^^^^^^^^^^^^^^^^^^^^^^^^^^^^
  5 |
  6 | export async function getReportingDataset(): Promise<ConsolidatedReport> {
  7 |   // If Supabase keys are not set up yet, fallback to your type-safe mocked data

The export mockBeeahCorporateReport was not found in module [project]/src/lib/reporting/mock/beeah-sample.ts [app-rsc] (ecmascript).
Did you mean to import beeahSampleDataset?
All exports of the module are statically known (It doesn't have dynamic exports). So it's known statically that the requested export doesn't exist.

Import trace:
  Server Component:
    ./src/lib/reporting/services/reporting-source.ts
    ./src/app/(dashboard)/executive-summary/page.tsx 
[browser] ./src/lib/reporting/metrics/executive-summary.ts:2:1
Export normalizePnlDisplayValue doesn't exist in target module
  1 | // src/lib/reporting/metrics/executive-summary.ts
> 2 | import { normalizePnlDisplayValue } from "@/lib/reporting/normalizers";
    | ^^^^^^^^^^^^^^^^^^^^^^^^^^^^^^^^^^^^^^^^^^^^^^^^^^^^^^^^^^^^^^^^^^^^^^^
  3 | import type { ParsedReportDataset, ReportingRow, SummaryControl } from "@/types/reporting";
  4 |
  5 | export type ExecutiveBridgeItem = {

The export normalizePnlDisplayValue was not found in module [project]/src/lib/reporting/normalizers.ts [app-rsc] (ecmascript).
The module has no exports at all.
All exports of the module are statically known (It doesn't have dynamic exports). So it's known statically that the requested export doesn't exist.

Import trace:
  Server Component:
    ./src/lib/reporting/metrics/executive-summary.ts
    ./src/app/(dashboard)/executive-summary/page.tsx 
[browser] ./src/lib/reporting/services/reporting-source.ts:2:1
Export env doesn't exist in target module
  1 | // src/lib/reporting/services/reporting-source.ts
> 2 | import { env } from "@/lib/env";
    | ^^^^^^^^^^^^^^^^^^^^^^^^^^^^^^^^
  3 | import { ConsolidatedReport } from "@/types/reporting";
  4 | import { mockBeeahCorporateReport } from "../mock/beeah-sample";
  5 |

The export env was not found in module [project]/src/lib/env.ts [app-rsc] (ecmascript).
The module has no exports at all.
All exports of the module are statically known (It doesn't have dynamic exports). So it's known statically that the requested export doesn't exist.

Import trace:
  Server Component:
    ./src/lib/reporting/services/reporting-source.ts
    ./src/app/(dashboard)/executive-summary/page.tsx 
[browser] ./src/lib/reporting/services/reporting-source.ts:4:1
Export mockBeeahCorporateReport doesn't exist in target module
  2 | import { env } from "@/lib/env";
  3 | import { ConsolidatedReport } from "@/types/reporting";
> 4 | import { mockBeeahCorporateReport } from "../mock/beeah-sample";
    | ^^^^^^^^^^^^^^^^^^^^^^^^^^^^^^^^^^^^^^^^^^^^^^^^^^^^^^^^^^^^^^^^
  5 |
  6 | export async function getReportingDataset(): Promise<ConsolidatedReport> {
  7 |   // If Supabase keys are not set up yet, fallback to your type-safe mocked data

The export mockBeeahCorporateReport was not found in module [project]/src/lib/reporting/mock/beeah-sample.ts [app-rsc] (ecmascript).
Did you mean to import beeahSampleDataset?
All exports of the module are statically known (It doesn't have dynamic exports). So it's known statically that the requested export doesn't exist.

Import trace:
  Server Component:
    ./src/lib/reporting/services/reporting-source.ts
    ./src/app/(dashboard)/executive-summary/page.tsx 
[browser] ./src/lib/reporting/metrics/executive-summary.ts:2:1
Export normalizePnlDisplayValue doesn't exist in target module
  1 | // src/lib/reporting/metrics/executive-summary.ts
> 2 | import { normalizePnlDisplayValue } from "@/lib/reporting/normalizers";
    | ^^^^^^^^^^^^^^^^^^^^^^^^^^^^^^^^^^^^^^^^^^^^^^^^^^^^^^^^^^^^^^^^^^^^^^^
  3 | import type { ParsedReportDataset, ReportingRow, SummaryControl } from "@/types/reporting";
  4 |
  5 | export type ExecutiveBridgeItem = {

The export normalizePnlDisplayValue was not found in module [project]/src/lib/reporting/normalizers.ts [app-rsc] (ecmascript).
The module has no exports at all.
All exports of the module are statically known (It doesn't have dynamic exports). So it's known statically that the requested export doesn't exist.

Import trace:
  Server Component:
    ./src/lib/reporting/metrics/executive-summary.ts
    ./src/app/(dashboard)/executive-summary/page.tsx 
[browser] ./src/lib/reporting/services/reporting-source.ts:2:1
Export env doesn't exist in target module
  1 | // src/lib/reporting/services/reporting-source.ts
> 2 | import { env } from "@/lib/env";
    | ^^^^^^^^^^^^^^^^^^^^^^^^^^^^^^^^
  3 | import { ConsolidatedReport } from "@/types/reporting";
  4 | import { mockBeeahCorporateReport } from "../mock/beeah-sample";
  5 |

The export env was not found in module [project]/src/lib/env.ts [app-rsc] (ecmascript).
The module has no exports at all.
All exports of the module are statically known (It doesn't have dynamic exports). So it's known statically that the requested export doesn't exist.

Import trace:
  Server Component:
    ./src/lib/reporting/services/reporting-source.ts
    ./src/app/(dashboard)/executive-summary/page.tsx 
[browser] ./src/lib/reporting/services/reporting-source.ts:4:1
Export mockBeeahCorporateReport doesn't exist in target module
  2 | import { env } from "@/lib/env";
  3 | import { ConsolidatedReport } from "@/types/reporting";
> 4 | import { mockBeeahCorporateReport } from "../mock/beeah-sample";
    | ^^^^^^^^^^^^^^^^^^^^^^^^^^^^^^^^^^^^^^^^^^^^^^^^^^^^^^^^^^^^^^^^
  5 |
  6 | export async function getReportingDataset(): Promise<ConsolidatedReport> {
  7 |   // If Supabase keys are not set up yet, fallback to your type-safe mocked data

The export mockBeeahCorporateReport was not found in module [project]/src/lib/reporting/mock/beeah-sample.ts [app-rsc] (ecmascript).
Did you mean to import beeahSampleDataset?
All exports of the module are statically known (It doesn't have dynamic exports). So it's known statically that the requested export doesn't exist.

Import trace:
  Server Component:
    ./src/lib/reporting/services/reporting-source.ts
    ./src/app/(dashboard)/executive-summary/page.tsx 
[browser] ./src/lib/reporting/metrics/executive-summary.ts:2:1
Export normalizePnlDisplayValue doesn't exist in target module
  1 | // src/lib/reporting/metrics/executive-summary.ts
> 2 | import { normalizePnlDisplayValue } from "@/lib/reporting/normalizers";
    | ^^^^^^^^^^^^^^^^^^^^^^^^^^^^^^^^^^^^^^^^^^^^^^^^^^^^^^^^^^^^^^^^^^^^^^^
  3 | import type { ParsedReportDataset, ReportingRow, SummaryControl } from "@/types/reporting";
  4 |
  5 | export type ExecutiveBridgeItem = {

The export normalizePnlDisplayValue was not found in module [project]/src/lib/reporting/normalizers.ts [app-rsc] (ecmascript).
The module has no exports at all.
All exports of the module are statically known (It doesn't have dynamic exports). So it's known statically that the requested export doesn't exist.

Import trace:
  Server Component:
    ./src/lib/reporting/metrics/executive-summary.ts
    ./src/app/(dashboard)/executive-summary/page.tsx 
[browser] ./src/lib/reporting/services/reporting-source.ts:2:1
Export env doesn't exist in target module
  1 | // src/lib/reporting/services/reporting-source.ts
> 2 | import { env } from "@/lib/env";
    | ^^^^^^^^^^^^^^^^^^^^^^^^^^^^^^^^
  3 | import { ConsolidatedReport } from "@/types/reporting";
  4 | import { mockBeeahCorporateReport } from "../mock/beeah-sample";
  5 |

The export env was not found in module [project]/src/lib/env.ts [app-rsc] (ecmascript).
The module has no exports at all.
All exports of the module are statically known (It doesn't have dynamic exports). So it's known statically that the requested export doesn't exist.

Import trace:
  Server Component:
    ./src/lib/reporting/services/reporting-source.ts
    ./src/app/(dashboard)/executive-summary/page.tsx 
[browser] ./src/lib/reporting/services/reporting-source.ts:4:1
Export mockBeeahCorporateReport doesn't exist in target module
  2 | import { env } from "@/lib/env";
  3 | import { ConsolidatedReport } from "@/types/reporting";
> 4 | import { mockBeeahCorporateReport } from "../mock/beeah-sample";
    | ^^^^^^^^^^^^^^^^^^^^^^^^^^^^^^^^^^^^^^^^^^^^^^^^^^^^^^^^^^^^^^^^
  5 |
  6 | export async function getReportingDataset(): Promise<ConsolidatedReport> {
  7 |   // If Supabase keys are not set up yet, fallback to your type-safe mocked data

The export mockBeeahCorporateReport was not found in module [project]/src/lib/reporting/mock/beeah-sample.ts [app-rsc] (ecmascript).
Did you mean to import beeahSampleDataset?
All exports of the module are statically known (It doesn't have dynamic exports). So it's known statically that the requested export doesn't exist.

Import trace:
  Server Component:
    ./src/lib/reporting/services/reporting-source.ts
    ./src/app/(dashboard)/executive-summary/page.tsx 
[browser] ./src/lib/reporting/metrics/executive-summary.ts:2:1
Export normalizePnlDisplayValue doesn't exist in target module
  1 | // src/lib/reporting/metrics/executive-summary.ts
> 2 | import { normalizePnlDisplayValue } from "@/lib/reporting/normalizers";
    | ^^^^^^^^^^^^^^^^^^^^^^^^^^^^^^^^^^^^^^^^^^^^^^^^^^^^^^^^^^^^^^^^^^^^^^^
  3 | import type { ParsedReportDataset, ReportingRow, SummaryControl } from "@/types/reporting";
  4 |
  5 | export type ExecutiveBridgeItem = {

The export normalizePnlDisplayValue was not found in module [project]/src/lib/reporting/normalizers.ts [app-rsc] (ecmascript).
The module has no exports at all.
All exports of the module are statically known (It doesn't have dynamic exports). So it's known statically that the requested export doesn't exist.

Import trace:
  Server Component:
    ./src/lib/reporting/metrics/executive-summary.ts
    ./src/app/(dashboard)/executive-summary/page.tsx 
[browser] ./src/lib/reporting/services/reporting-source.ts:2:1
Export env doesn't exist in target module
  1 | // src/lib/reporting/services/reporting-source.ts
> 2 | import { env } from "@/lib/env";
    | ^^^^^^^^^^^^^^^^^^^^^^^^^^^^^^^^
  3 | import { ConsolidatedReport } from "@/types/reporting";
  4 | import { mockBeeahCorporateReport } from "../mock/beeah-sample";
  5 |

The export env was not found in module [project]/src/lib/env.ts [app-rsc] (ecmascript).
The module has no exports at all.
All exports of the module are statically known (It doesn't have dynamic exports). So it's known statically that the requested export doesn't exist.

Import trace:
  Server Component:
    ./src/lib/reporting/services/reporting-source.ts
    ./src/app/(dashboard)/executive-summary/page.tsx 
[browser] ./src/lib/reporting/services/reporting-source.ts:4:1
Export mockBeeahCorporateReport doesn't exist in target module
  2 | import { env } from "@/lib/env";
  3 | import { ConsolidatedReport } from "@/types/reporting";
> 4 | import { mockBeeahCorporateReport } from "../mock/beeah-sample";
    | ^^^^^^^^^^^^^^^^^^^^^^^^^^^^^^^^^^^^^^^^^^^^^^^^^^^^^^^^^^^^^^^^
  5 |
  6 | export async function getReportingDataset(): Promise<ConsolidatedReport> {
  7 |   // If Supabase keys are not set up yet, fallback to your type-safe mocked data

The export mockBeeahCorporateReport was not found in module [project]/src/lib/reporting/mock/beeah-sample.ts [app-rsc] (ecmascript).
Did you mean to import beeahSampleDataset?
All exports of the module are statically known (It doesn't have dynamic exports). So it's known statically that the requested export doesn't exist.

Import trace:
  Server Component:
    ./src/lib/reporting/services/reporting-source.ts
    ./src/app/(dashboard)/executive-summary/page.tsx 
[browser] ./src/lib/reporting/metrics/executive-summary.ts:2:1
Export normalizePnlDisplayValue doesn't exist in target module
  1 | // src/lib/reporting/metrics/executive-summary.ts
> 2 | import { normalizePnlDisplayValue } from "@/lib/reporting/normalizers";
    | ^^^^^^^^^^^^^^^^^^^^^^^^^^^^^^^^^^^^^^^^^^^^^^^^^^^^^^^^^^^^^^^^^^^^^^^
  3 | import type { ParsedReportDataset, ReportingRow, SummaryControl } from "@/types/reporting";
  4 |
  5 | export type ExecutiveBridgeItem = {

The export normalizePnlDisplayValue was not found in module [project]/src/lib/reporting/normalizers.ts [app-rsc] (ecmascript).
The module has no exports at all.
All exports of the module are statically known (It doesn't have dynamic exports). So it's known statically that the requested export doesn't exist.

Import trace:
  Server Component:
    ./src/lib/reporting/metrics/executive-summary.ts
    ./src/app/(dashboard)/executive-summary/page.tsx 
[browser] ./src/lib/reporting/services/reporting-source.ts:2:1
Export env doesn't exist in target module
  1 | // src/lib/reporting/services/reporting-source.ts
> 2 | import { env } from "@/lib/env";
    | ^^^^^^^^^^^^^^^^^^^^^^^^^^^^^^^^
  3 | import { ConsolidatedReport } from "@/types/reporting";
  4 | import { mockBeeahCorporateReport } from "../mock/beeah-sample";
  5 |

The export env was not found in module [project]/src/lib/env.ts [app-rsc] (ecmascript).
The module has no exports at all.
All exports of the module are statically known (It doesn't have dynamic exports). So it's known statically that the requested export doesn't exist.

Import trace:
  Server Component:
    ./src/lib/reporting/services/reporting-source.ts
    ./src/app/(dashboard)/executive-summary/page.tsx 
[browser] ./src/lib/reporting/services/reporting-source.ts:4:1
Export mockBeeahCorporateReport doesn't exist in target module
  2 | import { env } from "@/lib/env";
  3 | import { ConsolidatedReport } from "@/types/reporting";
> 4 | import { mockBeeahCorporateReport } from "../mock/beeah-sample";
    | ^^^^^^^^^^^^^^^^^^^^^^^^^^^^^^^^^^^^^^^^^^^^^^^^^^^^^^^^^^^^^^^^
  5 |
  6 | export async function getReportingDataset(): Promise<ConsolidatedReport> {
  7 |   // If Supabase keys are not set up yet, fallback to your type-safe mocked data

The export mockBeeahCorporateReport was not found in module [project]/src/lib/reporting/mock/beeah-sample.ts [app-rsc] (ecmascript).
Did you mean to import beeahSampleDataset?
All exports of the module are statically known (It doesn't have dynamic exports). So it's known statically that the requested export doesn't exist.

Import trace:
  Server Component:
    ./src/lib/reporting/services/reporting-source.ts
    ./src/app/(dashboard)/executive-summary/page.tsx 
[browser] ./src/lib/reporting/metrics/executive-summary.ts:2:1
Export normalizePnlDisplayValue doesn't exist in target module
  1 | // src/lib/reporting/metrics/executive-summary.ts
> 2 | import { normalizePnlDisplayValue } from "@/lib/reporting/normalizers";
    | ^^^^^^^^^^^^^^^^^^^^^^^^^^^^^^^^^^^^^^^^^^^^^^^^^^^^^^^^^^^^^^^^^^^^^^^
  3 | import type { ParsedReportDataset, ReportingRow, SummaryControl } from "@/types/reporting";
  4 |
  5 | export type ExecutiveBridgeItem = {

The export normalizePnlDisplayValue was not found in module [project]/src/lib/reporting/normalizers.ts [app-rsc] (ecmascript).
The module has no exports at all.
All exports of the module are statically known (It doesn't have dynamic exports). So it's known statically that the requested export doesn't exist.

Import trace:
  Server Component:
    ./src/lib/reporting/metrics/executive-summary.ts
    ./src/app/(dashboard)/executive-summary/page.tsx 
⨯ ./src/lib/reporting/services/reporting-source.ts:2:1
Export env doesn't exist in target module
  [90m1 |[0m [90m// src/lib/reporting/services/reporting-source.ts[0m
[31m[1m>[0m [90m2 |[0m [36mimport[0m { env } [36mfrom[0m [32m"@/lib/env"[0m;
  [90m  |[0m [31m[1m^^^^^^^^^^^^^^^^^^^^^^^^^^^^^^^^[0m
  [90m3 |[0m [36mimport[0m { [33mConsolidatedReport[0m } [36mfrom[0m [32m"@/types/reporting"[0m;
  [90m4 |[0m [36mimport[0m { mockBeeahCorporateReport } [36mfrom[0m [32m"../mock/beeah-sample"[0m;
  [90m5 |[0m

The export env was not found in module [project]/src/lib/env.ts [app-rsc] (ecmascript).
The module has no exports at all.
All exports of the module are statically known (It doesn't have dynamic exports). So it's known statically that the requested export doesn't exist.

Import trace:
  Server Component:
    ./src/lib/reporting/services/reporting-source.ts
    ./src/app/(dashboard)/executive-summary/page.tsx



./src/lib/reporting/services/reporting-source.ts:4:1
Export mockBeeahCorporateReport doesn't exist in target module
  [90m2 |[0m [36mimport[0m { env } [36mfrom[0m [32m"@/lib/env"[0m;
  [90m3 |[0m [36mimport[0m { [33mConsolidatedReport[0m } [36mfrom[0m [32m"@/types/reporting"[0m;
[31m[1m>[0m [90m4 |[0m [36mimport[0m { mockBeeahCorporateReport } [36mfrom[0m [32m"../mock/beeah-sample"[0m;
  [90m  |[0m [31m[1m^^^^^^^^^^^^^^^^^^^^^^^^^^^^^^^^^^^^^^^^^^^^^^^^^^^^^^^^^^^^^^^^[0m
  [90m5 |[0m
  [90m6 |[0m [36mexport[0m [36masync[0m [36mfunction[0m getReportingDataset(): [33mPromise[0m<[33mConsolidatedReport[0m> {
  [90m7 |[0m   [90m// If Supabase keys are not set up yet, fallback to your type-safe mocked data[0m

The export mockBeeahCorporateReport was not found in module [project]/src/lib/reporting/mock/beeah-sample.ts [app-rsc] (ecmascript).
Did you mean to import beeahSampleDataset?
All exports of the module are statically known (It doesn't have dynamic exports). So it's known statically that the requested export doesn't exist.

Import trace:
  Server Component:
    ./src/lib/reporting/services/reporting-source.ts
    ./src/app/(dashboard)/executive-summary/page.tsx



./src/lib/reporting/metrics/executive-summary.ts:2:1
Export normalizePnlDisplayValue doesn't exist in target module
  [90m1 |[0m [90m// src/lib/reporting/metrics/executive-summary.ts[0m
[31m[1m>[0m [90m2 |[0m [36mimport[0m { normalizePnlDisplayValue } [36mfrom[0m [32m"@/lib/reporting/normalizers"[0m;
  [90m  |[0m [31m[1m^^^^^^^^^^^^^^^^^^^^^^^^^^^^^^^^^^^^^^^^^^^^^^^^^^^^^^^^^^^^^^^^^^^^^^^[0m
  [90m3 |[0m [36mimport[0m [36mtype[0m { [33mParsedReportDataset[0m, [33mReportingRow[0m, [33mSummaryControl[0m } [36mfrom[0m [32m"@/types/reporting"[0m;
  [90m4 |[0m
  [90m5 |[0m [36mexport[0m [36mtype[0m [33mExecutiveBridgeItem[0m = {

The export normalizePnlDisplayValue was not found in module [project]/src/lib/reporting/normalizers.ts [app-rsc] (ecmascript).
The module has no exports at all.
All exports of the module are statically known (It doesn't have dynamic exports). So it's known statically that the requested export doesn't exist.

Import trace:
  Server Component:
    ./src/lib/reporting/metrics/executive-summary.ts
    ./src/app/(dashboard)/executive-summary/page.tsx


 GET /executive-summary 500 in 325ms (next.js: 194ms, application-code: 132ms)
 GET /segment-performance 500 in 307ms (next.js: 287ms, application-code: 20ms)
 GET /balance-sheet 500 in 308ms (next.js: 294ms, application-code: 13ms)
 GET /consolidated-pnl 200 in 850ms (next.js: 203ms, application-code: 648ms)
 GET / 200 in 835ms (next.js: 415ms, application-code: 420ms)
[browser] Uncaught Error: ./src/lib/reporting/services/reporting-source.ts:2:1
Export env doesn't exist in target module
  1 | // src/lib/reporting/services/reporting-source.ts
> 2 | import { env } from "@/lib/env";
    | ^^^^^^^^^^^^^^^^^^^^^^^^^^^^^^^^
  3 | import { ConsolidatedReport } from "@/types/reporting";
  4 | import { mockBeeahCorporateReport } from "../mock/beeah-sample";
  5 |

The export env was not found in module [project]/src/lib/env.ts [app-rsc] (ecmascript).
The module has no exports at all.
All exports of the module are statically known (It doesn't have dynamic exports). So it's known statically that the requested export doesn't exist.

Import trace:
  Server Component:
    ./src/lib/reporting/services/reporting-source.ts
    ./src/app/(dashboard)/executive-summary/page.tsx


    at <unknown> (Error: ./src/lib/reporting/services/reporting-source.ts:2:1)
    at <unknown> (Error: (./src/lib/reporting/services/reporting-source.ts:2:1)
[browser] Uncaught Error: ./src/lib/reporting/services/reporting-source.ts:2:1
Export env doesn't exist in target module
  1 | // src/lib/reporting/services/reporting-source.ts
> 2 | import { env } from "@/lib/env";
    | ^^^^^^^^^^^^^^^^^^^^^^^^^^^^^^^^
  3 | import { ConsolidatedReport } from "@/types/reporting";
  4 | import { mockBeeahCorporateReport } from "../mock/beeah-sample";
  5 |

The export env was not found in module [project]/src/lib/env.ts [app-rsc] (ecmascript).
The module has no exports at all.
All exports of the module are statically known (It doesn't have dynamic exports). So it's known statically that the requested export doesn't exist.

Import trace:
  Server Component:
    ./src/lib/reporting/services/reporting-source.ts
    ./src/app/(dashboard)/executive-summary/page.tsx


    at <unknown> (Error: ./src/lib/reporting/services/reporting-source.ts:2:1)
    at <unknown> (Error: (./src/lib/reporting/services/reporting-source.ts:2:1)
[browser] Uncaught Error: ./src/lib/reporting/services/reporting-source.ts:2:1
Export env doesn't exist in target module
  1 | // src/lib/reporting/services/reporting-source.ts
> 2 | import { env } from "@/lib/env";
    | ^^^^^^^^^^^^^^^^^^^^^^^^^^^^^^^^
  3 | import { ConsolidatedReport } from "@/types/reporting";
  4 | import { mockBeeahCorporateReport } from "../mock/beeah-sample";
  5 |

The export env was not found in module [project]/src/lib/env.ts [app-rsc] (ecmascript).
The module has no exports at all.
All exports of the module are statically known (It doesn't have dynamic exports). So it's known statically that the requested export doesn't exist.

Import trace:
  Server Component:
    ./src/lib/reporting/services/reporting-source.ts
    ./src/app/(dashboard)/executive-summary/page.tsx


    at <unknown> (Error: ./src/lib/reporting/services/reporting-source.ts:2:1)
    at <unknown> (Error: (./src/lib/reporting/services/reporting-source.ts:2:1)
Terminate batch job (Y/N)? [?25h

^C